python : INFO:     
Started server process 
[19860]
At line:1 char:26
+ ... BUFFERED=1; 
python -m uvicorn 
app.main:app > 
error_log.txt 2>&1 ; 
cat ...
+                 ~~~~~
~~~~~~~~~~~~~~~~~~~~~~~
~~~~~~~~~~~~~~~~~~~~~~~
    + CategoryInfo     
         : NotSpecifi  
  ed: (INFO:     Sta   
 rted server proces    
s [19860]:String)     
[], RemoteExceptio    n
    + FullyQualifiedEr 
   rorId : NativeComm  
  andError
 
INFO:     Waiting for 
application startup.
ERROR:    Traceback 
(most recent call 
last):
  File "C:\Users\natar\
AppData\Local\Packages\
PythonSoftwareFoundatio
n.Python.3.13_qbz5n2kfr
a8p0\LocalCache\local-p
ackages\Python313\site-
packages\sqlalchemy\eng
ine\base.py", line 
1967, in 
_exec_single_context
    self.dialect.do_exe
cute(
    ~~~~~~~~~~~~~~~~~~~
~~~~^
        cursor, 
str_statement, 
effective_parameters, 
context
        ^^^^^^^^^^^^^^^
^^^^^^^^^^^^^^^^^^^^^^^
^^^^^^^^^^^^^^
    )
    ^
  File "C:\Users\natar\
AppData\Local\Packages\
PythonSoftwareFoundatio
n.Python.3.13_qbz5n2kfr
a8p0\LocalCache\local-p
ackages\Python313\site-
packages\sqlalchemy\eng
ine\default.py", line 
941, in do_execute
    cursor.execute(stat
ement, parameters)
    ~~~~~~~~~~~~~~^^^^^
^^^^^^^^^^^^^^^^^^
  File "C:\Users\natar\
AppData\Local\Packages\
PythonSoftwareFoundatio
n.Python.3.13_qbz5n2kfr
a8p0\LocalCache\local-p
ackages\Python313\site-
packages\psycopg\cursor
.py", line 97, in 
execute
    raise 
ex.with_traceback(None)
psycopg.errors.Undefine
dColumn: column 
users.phone does not 
exist
LINE 1: ... 
users_hashed_password, 
users.name AS 
users_name, 
users.phon...
                       
                       
               ^

The above exception 
was the direct cause 
of the following 
exception:

Traceback (most recent 
call last):
  File "C:\Users\natar\
AppData\Local\Packages\
PythonSoftwareFoundatio
n.Python.3.13_qbz5n2kfr
a8p0\LocalCache\local-p
ackages\Python313\site-
packages\starlette\rout
ing.py", line 693, in 
lifespan
    async with self.lif
espan_context(app) as 
maybe_state:
               ~~~~~~~~
~~~~~~~~~~~~~^^^^^
  File "C:\Program File
s\WindowsApps\PythonSof
twareFoundation.Python.
3.13_3.13.3312.0_x64__q
bz5n2kfra8p0\Lib\contex
tlib.py", line 214, in 
__aenter__
    return await 
anext(self.gen)
           
^^^^^^^^^^^^^^^^^^^^^
  File "C:\Users\natar\
AppData\Local\Packages\
PythonSoftwareFoundatio
n.Python.3.13_qbz5n2kfr
a8p0\LocalCache\local-p
ackages\Python313\site-
packages\fastapi\routin
g.py", line 133, in 
merged_lifespan
    async with 
original_context(app) 
as 
maybe_original_state:
               
~~~~~~~~~~~~~~~~^^^^^
  File "C:\Program File
s\WindowsApps\PythonSof
twareFoundation.Python.
3.13_3.13.3312.0_x64__q
bz5n2kfra8p0\Lib\contex
tlib.py", line 214, in 
__aenter__
    return await 
anext(self.gen)
           
^^^^^^^^^^^^^^^^^^^^^
  File "D:\FinPilot\bac
kend\app\main.py", 
line 30, in lifespan
    seed_demo_data(db)
    ~~~~~~~~~~~~~~^^^^
  File "D:\FinPilot\bac
kend\app\db\seed.py", 
line 16, in 
seed_demo_data
    existing = db.query
(User).filter(User.emai
l == "demo@finpilot.com
").first()
  File "C:\Users\natar\
AppData\Local\Packages\
PythonSoftwareFoundatio
n.Python.3.13_qbz5n2kfr
a8p0\LocalCache\local-p
ackages\Python313\site-
packages\sqlalchemy\orm
\query.py", line 2728, 
in first
    return self.limit(1
)._iter().first()  # 
type: ignore
           
~~~~~~~~~~~~~~~~~~~^^
  File "C:\Users\natar\
AppData\Local\Packages\
PythonSoftwareFoundatio
n.Python.3.13_qbz5n2kfr
a8p0\LocalCache\local-p
ackages\Python313\site-
packages\sqlalchemy\orm
\query.py", line 2827, 
in _iter
    result: Union[Scala
rResult[_T], 
Result[_T]] = 
self.session.execute(
                       
                       
    
~~~~~~~~~~~~~~~~~~~~^
        statement,
        ^^^^^^^^^^
        params,
        ^^^^^^^
        execution_optio
ns={"_sa_orm_load_optio
ns": 
self.load_options},
        ^^^^^^^^^^^^^^^
^^^^^^^^^^^^^^^^^^^^^^^
^^^^^^^^^^^^^^^^^^^^^^^
^
    )
    ^
  File "C:\Users\natar\
AppData\Local\Packages\
PythonSoftwareFoundatio
n.Python.3.13_qbz5n2kfr
a8p0\LocalCache\local-p
ackages\Python313\site-
packages\sqlalchemy\orm
\session.py", line 
2362, in execute
    return 
self._execute_internal(
           
~~~~~~~~~~~~~~~~~~~~~~^
        statement,
        ^^^^^^^^^^
    ...<4 lines>...
        
_add_event=_add_event,
        
^^^^^^^^^^^^^^^^^^^^^^
    )
    ^
  File "C:\Users\natar\
AppData\Local\Packages\
PythonSoftwareFoundatio
n.Python.3.13_qbz5n2kfr
a8p0\LocalCache\local-p
ackages\Python313\site-
packages\sqlalchemy\orm
\session.py", line 
2247, in 
_execute_internal
    result: 
Result[Any] = compile_s
tate_cls.orm_execute_st
atement(
                       
   ~~~~~~~~~~~~~~~~~~~~
~~~~~~~~~~~~~~~~~~~^
        self,
        ^^^^^
    ...<4 lines>...
        conn,
        ^^^^^
    )
    ^
  File "C:\Users\natar\
AppData\Local\Packages\
PythonSoftwareFoundatio
n.Python.3.13_qbz5n2kfr
a8p0\LocalCache\local-p
ackages\Python313\site-
packages\sqlalchemy\orm
\context.py", line 
305, in 
orm_execute_statement
    result = 
conn.execute(
        statement, 
params or {}, execution
_options=execution_opti
ons
    )
  File "C:\Users\natar\
AppData\Local\Packages\
PythonSoftwareFoundatio
n.Python.3.13_qbz5n2kfr
a8p0\LocalCache\local-p
ackages\Python313\site-
packages\sqlalchemy\eng
ine\base.py", line 
1418, in execute
    return meth(
        self,
        
distilled_parameters,
        
execution_options or 
NO_OPTIONS,
    )
  File "C:\Users\natar\
AppData\Local\Packages\
PythonSoftwareFoundatio
n.Python.3.13_qbz5n2kfr
a8p0\LocalCache\local-p
ackages\Python313\site-
packages\sqlalchemy\sql
\elements.py", line 
515, in 
_execute_on_connection
    return connection._
execute_clauseelement(
           ~~~~~~~~~~~~
~~~~~~~~~~~~~~~~~~~~~^
        self, 
distilled_params, 
execution_options
        ^^^^^^^^^^^^^^^
^^^^^^^^^^^^^^^^^^^^^^^
^^^
    )
    ^
  File "C:\Users\natar\
AppData\Local\Packages\
PythonSoftwareFoundatio
n.Python.3.13_qbz5n2kfr
a8p0\LocalCache\local-p
ackages\Python313\site-
packages\sqlalchemy\eng
ine\base.py", line 
1640, in 
_execute_clauseelement
    ret = 
self._execute_context(
        dialect,
    ...<8 lines>...
        
cache_hit=cache_hit,
    )
  File "C:\Users\natar\
AppData\Local\Packages\
PythonSoftwareFoundatio
n.Python.3.13_qbz5n2kfr
a8p0\LocalCache\local-p
ackages\Python313\site-
packages\sqlalchemy\eng
ine\base.py", line 
1846, in 
_execute_context
    return self._exec_s
ingle_context(
           ~~~~~~~~~~~~
~~~~~~~~~~~~~^
        dialect, 
context, statement, 
parameters
        ^^^^^^^^^^^^^^^
^^^^^^^^^^^^^^^^^^^^^^^
^
    )
    ^
  File "C:\Users\natar\
AppData\Local\Packages\
PythonSoftwareFoundatio
n.Python.3.13_qbz5n2kfr
a8p0\LocalCache\local-p
ackages\Python313\site-
packages\sqlalchemy\eng
ine\base.py", line 
1986, in 
_exec_single_context
    self._handle_dbapi_
exception(
    ~~~~~~~~~~~~~~~~~~~
~~~~~~~~~^
        e, 
str_statement, 
effective_parameters, 
cursor, context
        ^^^^^^^^^^^^^^^
^^^^^^^^^^^^^^^^^^^^^^^
^^^^^^^^^^^^^^^^^
    )
    ^
  File "C:\Users\natar\
AppData\Local\Packages\
PythonSoftwareFoundatio
n.Python.3.13_qbz5n2kfr
a8p0\LocalCache\local-p
ackages\Python313\site-
packages\sqlalchemy\eng
ine\base.py", line 
2355, in 
_handle_dbapi_exception
    raise sqlalchemy_ex
ception.with_traceback(
exc_info[2]) from e
  File "C:\Users\natar\
AppData\Local\Packages\
PythonSoftwareFoundatio
n.Python.3.13_qbz5n2kfr
a8p0\LocalCache\local-p
ackages\Python313\site-
packages\sqlalchemy\eng
ine\base.py", line 
1967, in 
_exec_single_context
    self.dialect.do_exe
cute(
    ~~~~~~~~~~~~~~~~~~~
~~~~^
        cursor, 
str_statement, 
effective_parameters, 
context
        ^^^^^^^^^^^^^^^
^^^^^^^^^^^^^^^^^^^^^^^
^^^^^^^^^^^^^^
    )
    ^
  File "C:\Users\natar\
AppData\Local\Packages\
PythonSoftwareFoundatio
n.Python.3.13_qbz5n2kfr
a8p0\LocalCache\local-p
ackages\Python313\site-
packages\sqlalchemy\eng
ine\default.py", line 
941, in do_execute
    cursor.execute(stat
ement, parameters)
    ~~~~~~~~~~~~~~^^^^^
^^^^^^^^^^^^^^^^^^
  File "C:\Users\natar\
AppData\Local\Packages\
PythonSoftwareFoundatio
n.Python.3.13_qbz5n2kfr
a8p0\LocalCache\local-p
ackages\Python313\site-
packages\psycopg\cursor
.py", line 97, in 
execute
    raise 
ex.with_traceback(None)
sqlalchemy.exc.Programm
ingError: (psycopg.erro
rs.UndefinedColumn) 
column users.phone 
does not exist
LINE 1: ... 
users_hashed_password, 
users.name AS 
users_name, 
users.phon...
                       
                       
               ^
[SQL: SELECT users.id 
AS users_id, 
users.email AS 
users_email, 
users.hashed_password 
AS 
users_hashed_password, 
users.name AS 
users_name, 
users.phone AS 
users_phone, 
users.risk_appetite AS 
users_risk_appetite, 
users.reset_token AS 
users_reset_token, user
s.reset_token_expiry 
AS users_reset_token_ex
piry, users.created_at 
AS users_created_at 
FROM users 
WHERE users.email = 
%(email_1)s::VARCHAR 
 LIMIT 
%(param_1)s::INTEGER]
[parameters: 
{'email_1': 
'demo@finpilot.com', 
'param_1': 1}]
(Background on this 
error at: https://sqlal
che.me/e/20/f405)

ERROR:    Application 
startup failed. 
Exiting.
